Step1
step2
step3

step4
step5
